###############################################################################
#
# IAR ELF Linker V7.40.3.8902/W32 for ARM                 10/Mar/2018  12:51:29
# Copyright 2007-2015 IAR Systems AB.
#
#    Output file  =  
#        E:\K60singlechip\Beacon\Beacon\Beacon\Prj\IAR\Debug\Exe\Beacon.out
#    Map file     =  
#        E:\K60singlechip\Beacon\Beacon\Beacon\Prj\IAR\Debug\List\Beacon.map
#    Command line =  
#        E:\K60singlechip\Beacon\Beacon\Beacon\Prj\IAR\Debug\Obj\image_processing.o
#        E:\K60singlechip\Beacon\Beacon\Beacon\Prj\IAR\Debug\Obj\main.o
#        E:\K60singlechip\Beacon\Beacon\Beacon\Prj\IAR\Debug\Obj\misc.o
#        E:\K60singlechip\Beacon\Beacon\Beacon\Prj\IAR\Debug\Obj\MK60_adc.o
#        E:\K60singlechip\Beacon\Beacon\Beacon\Prj\IAR\Debug\Obj\MK60_conf.o
#        E:\K60singlechip\Beacon\Beacon\Beacon\Prj\IAR\Debug\Obj\MK60_dac.o
#        E:\K60singlechip\Beacon\Beacon\Beacon\Prj\IAR\Debug\Obj\MK60_dma.o
#        E:\K60singlechip\Beacon\Beacon\Beacon\Prj\IAR\Debug\Obj\MK60_DWT.o
#        E:\K60singlechip\Beacon\Beacon\Beacon\Prj\IAR\Debug\Obj\MK60_flash.o
#        E:\K60singlechip\Beacon\Beacon\Beacon\Prj\IAR\Debug\Obj\MK60_ftm.o
#        E:\K60singlechip\Beacon\Beacon\Beacon\Prj\IAR\Debug\Obj\MK60_gpio.o
#        E:\K60singlechip\Beacon\Beacon\Beacon\Prj\IAR\Debug\Obj\MK60_i2c.o
#        E:\K60singlechip\Beacon\Beacon\Beacon\Prj\IAR\Debug\Obj\MK60_it.o
#        E:\K60singlechip\Beacon\Beacon\Beacon\Prj\IAR\Debug\Obj\MK60_lptmr.o
#        E:\K60singlechip\Beacon\Beacon\Beacon\Prj\IAR\Debug\Obj\MK60_mcg.o
#        E:\K60singlechip\Beacon\Beacon\Beacon\Prj\IAR\Debug\Obj\MK60_PIT.o
#        E:\K60singlechip\Beacon\Beacon\Beacon\Prj\IAR\Debug\Obj\MK60_port.o
#        E:\K60singlechip\Beacon\Beacon\Beacon\Prj\IAR\Debug\Obj\MK60_rtc.o
#        E:\K60singlechip\Beacon\Beacon\Beacon\Prj\IAR\Debug\Obj\MK60_spi.o
#        E:\K60singlechip\Beacon\Beacon\Beacon\Prj\IAR\Debug\Obj\MK60_SysTick.o
#        E:\K60singlechip\Beacon\Beacon\Beacon\Prj\IAR\Debug\Obj\MK60_uart.o
#        E:\K60singlechip\Beacon\Beacon\Beacon\Prj\IAR\Debug\Obj\MK60_wdog.o
#        E:\K60singlechip\Beacon\Beacon\Beacon\Prj\IAR\Debug\Obj\startup_MK60DZ10.o
#        E:\K60singlechip\Beacon\Beacon\Beacon\Prj\IAR\Debug\Obj\system_MK60DZ10.o
#        E:\K60singlechip\Beacon\Beacon\Beacon\Prj\IAR\Debug\Obj\VCAN_camera.o
#        E:\K60singlechip\Beacon\Beacon\Beacon\Prj\IAR\Debug\Obj\VCAN_computer.o
#        E:\K60singlechip\Beacon\Beacon\Beacon\Prj\IAR\Debug\Obj\VCAN_key.o
#        E:\K60singlechip\Beacon\Beacon\Beacon\Prj\IAR\Debug\Obj\VCAN_LED.o
#        E:\K60singlechip\Beacon\Beacon\Beacon\Prj\IAR\Debug\Obj\VCAN_MMA7455.o
#        E:\K60singlechip\Beacon\Beacon\Beacon\Prj\IAR\Debug\Obj\VCAN_NRF24L0.o
#        E:\K60singlechip\Beacon\Beacon\Beacon\Prj\IAR\Debug\Obj\VCAN_OV7725_Eagle.o
#        E:\K60singlechip\Beacon\Beacon\Beacon\Prj\IAR\Debug\Obj\VCAN_RTC_count.o
#        E:\K60singlechip\Beacon\Beacon\Beacon\Prj\IAR\Debug\Obj\VCAN_SCCB.o
#        E:\K60singlechip\Beacon\Beacon\Beacon\Prj\IAR\Debug\Obj\vectors.o -o
#        E:\K60singlechip\Beacon\Beacon\Beacon\Prj\IAR\Debug\Exe\Beacon.out
#        --map
#        E:\K60singlechip\Beacon\Beacon\Beacon\Prj\IAR\Debug\List\Beacon.map
#        --config "E:\K60singlechip\Beacon\Beacon\Beacon\Prj\IAR\config
#        files\vcan_ROM_K60X512.icf" --semihosting
#        E:\K60singlechip\Beacon\Beacon\Beacon\Prj\IAR\..\..\Lib\CMSIS\iar_cortexM4l_math.a
#        --entry __iar_program_start --vfe
#
###############################################################################

*******************************************************************************
*** RUNTIME MODEL ATTRIBUTES
***

CppFlavor       = *
__SystemLibrary = DLib


*******************************************************************************
*** PLACEMENT SUMMARY
***

"A1":  place at 0x00000000 { ro section .intvec };
"A2":  place at 0x00000410 { ro section .noinit };
"P1":  place in [from 0x00000000 to 0x00080000] |
                [from 0x10000000 to 0x1007ffff] { ro, block CodeRelocate };
"P2":  place in [from 0x1fff0410 to 0x20010000] {
          rw, block CodeRelocateRam, block CSTACK, block HEAP };

  Section              Kind        Address    Size  Object
  -------              ----        -------    ----  ------
"A1":                                        0x410
  .intvec              const    0x00000000   0x410  vectors.o [1]
                              - 0x00000410   0x410

"A2":                                          0x8
  .noinit              ro code  0x00000410     0x8  startup_MK60DZ10.o [1]
                              - 0x00000418     0x8

"P1":                                       0x42f8
  .text                ro code  0x00000418   0xd9a  xprintffull_nomb.o [3]
  .rodata              const    0x000011b2     0x2  VCAN_computer.o [1]
  .text                ro code  0x000011b4    0x16  strchr.o [5]
  .rodata              const    0x000011ca     0x2  VCAN_computer.o [1]
  .text                ro code  0x000011cc    0x36  strlen.o [5]
  .text                ro code  0x00001204    0x58  memchr.o [5]
  .text                ro code  0x0000125c    0xee  I64DivMod.o [5]
  .text                ro code  0x0000134c    0x76  ABImemcpy_unaligned.o [5]
  .text                ro code  0x000013c2    0x42  xdnorm.o [4]
  .text                ro code  0x00001404    0x2e  DblCmpLe.o [4]
  .text                ro code  0x00001434    0x2e  DblCmpGe.o [4]
  .text                ro code  0x00001464   0x118  xdscale.o [4]
  .text                ro code  0x0000157c    0x58  DblToI32.o [4]
  .text                ro code  0x000015d4    0x30  I32ToDbl.o [4]
  .text                ro code  0x00001604   0x180  DblSub.o [4]
  .text                ro code  0x00001784   0x1a2  DblMul.o [4]
  .text                ro code  0x00001928   0x256  DblDiv.o [4]
  .text                ro code  0x00001b80    0x6c  localeconv.o [3]
  .text                ro code  0x00001bec     0xe  div.o [3]
  .text                ro code  0x00001bfc     0x2  I64DivZer.o [5]
  .text                ro code  0x00001c00    0xd4  DblAdd.o [4]
  .text                ro code  0x00001cd4     0x2  xtls.o [3]
  .data_init                    0x00001cd8   0x85c  <Block>
    Initializer bytes  const    0x00001cd8   0x85c  <for .data-1>
  .text                ro code  0x00002534   0x5e4  image_processing.o [1]
  .text                ro code  0x00002b18     0x6  ABImemclr4.o [5]
  .text                ro code  0x00002b20    0x24  printf.o [3]
  .text                ro code  0x00002b44    0x32  ABImemset48.o [5]
  Veneer               ro code  0x00002b78     0x8  - Linker created -
  .text                ro code  0x00002b80   0x3b8  MK60_mcg.o [1]
  .text                ro code  0x00002f38   0x362  VCAN_SCCB.o [1]
  .text                ro code  0x0000329c   0x130  MK60_gpio.o [1]
  .text                ro code  0x000033cc    0xb0  MK60_port.o [1]
  Veneer               ro code  0x0000347c     0x8  - Linker created -
  Veneer               ro code  0x00003484     0x8  - Linker created -
  .text                ro code  0x0000348c   0x140  MK60_conf.o [1]
  .text                ro code  0x000035cc    0x70  VCAN_LED.o [1]
  .text                ro code  0x0000363c    0x64  MK60_SysTick.o [1]
  .text                ro code  0x000036a0   0x26c  MK60_uart.o [1]
  .text                ro code  0x0000390c    0x9c  VCAN_key.o [1]
  .text                ro code  0x000039a8   0x284  MK60_dma.o [1]
  .text                ro code  0x00003c2c   0x234  VCAN_OV7725_Eagle.o [1]
  CodeRelocate                  0x00003e60   0x1f0  <Block>
    Initializer bytes  const    0x00003e60   0x1f0  <for CodeRelocateRam-1>
  .text                ro code  0x00004050   0x130  system_MK60DZ10.o [1]
  .text                ro code  0x00004180    0x40  MK60_wdog.o [1]
  .text                ro code  0x000041c0    0x68  main.o [1]
  .text                ro code  0x00004228    0x50  misc.o [1]
  .text                ro code  0x00004278    0x40  VCAN_computer.o [1]
  .rodata              const    0x000042b8    0x40  MK60_SysTick.o [1]
  .text                ro code  0x000042f8    0x40  zero_init3.o [5]
  .rodata              const    0x00004338    0x3c  MK60_conf.o [1]
  .rodata              const    0x00004374    0x3c  MK60_dma.o [1]
  .rodata              const    0x000043b0    0x3c  MK60_flash.o [1]
  .rodata              const    0x000043ec    0x3c  MK60_gpio.o [1]
  .rodata              const    0x00004428    0x3c  MK60_uart.o [1]
  .rodata              const    0x00004464    0x38  misc.o [1]
  .text                ro code  0x0000449c    0x28  data_init.o [5]
  .rodata              const    0x000044c4    0x24  MK60_conf.o [1]
  .rodata              const    0x000044e8    0x24  VCAN_OV7725_Eagle.o [1]
  .rodata              const    0x0000450c    0x24  VCAN_OV7725_Eagle.o [1]
  .text                ro code  0x00004530    0x22  fpinit_M.o [4]
  .iar.init_table      const    0x00004554    0x10  - Linker created -
  .rodata              const    0x00004564    0x20  MK60_conf.o [1]
  .rodata              const    0x00004584    0x20  VCAN_OV7725_Eagle.o [1]
  .rodata              const    0x000045a4    0x20  VCAN_OV7725_Eagle.o [1]
  .rodata              const    0x000045c4    0x1c  VCAN_OV7725_Eagle.o [1]
  .text                ro code  0x000045e0    0x1a  cmain.o [5]
  .text                ro code  0x000045fa     0x4  low_level_init.o [3]
  .text                ro code  0x000045fe     0x4  exit.o [3]
  .text                ro code  0x00004604     0xa  cexit.o [5]
  .text                ro code  0x00004610    0x14  exit.o [6]
  .rodata              const    0x00004624    0x18  VCAN_OV7725_Eagle.o [1]
  .text                ro code  0x0000463c    0x16  xprout.o [3]
  .text                ro code  0x00004654     0xc  putchar.o [3]
  .rodata              const    0x00004660    0x14  MK60_conf.o [1]
  .text                ro code  0x00004674     0xc  cstartup_M.o [5]
  .rodata              const    0x00004680     0x8  image_processing.o [1]
  .rodata              const    0x00004688     0x0  zero_init3.o [5]
  Initializer bytes    const    0x00004688    0x88  <for P2 s0>
                              - 0x00004710  0x42f8

"P2":                                        0xd8c
  .data                         0x1fff0410   0x85c  <Block>
    .data-1                     0x1fff0410   0x85c  <Init block>
      .data            inited   0x1fff0410   0x708  MK60_conf.o [1]
      .data            inited   0x1fff0b18    0x14  MK60_gpio.o [1]
      .data            inited   0x1fff0b2c    0x58  MK60_mcg.o [1]
      .data            inited   0x1fff0b84     0x4  MK60_mcg.o [1]
      .data            inited   0x1fff0b88    0x14  MK60_port.o [1]
      .data            inited   0x1fff0b9c    0x18  MK60_uart.o [1]
      .data            inited   0x1fff0bb4     0x8  VCAN_key.o [1]
      .data            inited   0x1fff0bbc     0x4  VCAN_LED.o [1]
      .data            inited   0x1fff0bc0     0x1  VCAN_OV7725_Eagle.o [1]
      .data            inited   0x1fff0bc4    0x64  VCAN_OV7725_Eagle.o [1]
      .data            inited   0x1fff0c28     0x1  VCAN_OV7725_Eagle.o [1]
      .data            inited   0x1fff0c2c    0x40  xfiles.o [3]
  CodeRelocateRam               0x1fff0c6c   0x1f0  <Block>
    CodeRelocateRam-1           0x1fff0c6c   0x1f0  <Init block>
      Veneer           inited   0x1fff0c6c     0x8  - Linker created -
      Veneer           inited   0x1fff0c74     0x8  - Linker created -
      .textrw          inited   0x1fff0c7c   0x190  MK60_flash.o [1]
      .textrw          inited   0x1fff0e0c    0x50  MK60_mcg.o [1]
  .bss                          0x1fff0e5c   0x2b8  <Block>
    .bss               zero     0x1fff0e5c   0x258  main.o [1]
    .bss               zero     0x1fff10b4     0x4  system_MK60DZ10.o [1]
    .bss               zero     0x1fff10b8     0x4  system_MK60DZ10.o [1]
    .bss               zero     0x1fff10bc     0x4  system_MK60DZ10.o [1]
    .bss               zero     0x1fff10c0     0x4  VCAN_OV7725_Eagle.o [1]
    .bss               zero     0x1fff10c4    0x50  xfiles.o [3]
  P2 s0                         0x1fff1114    0x88  <Init block>
    __DLIB_PERTHREAD   inited   0x1fff1114    0x88  localeconv.o [3]
                              - 0x1fff119c   0xd8c


*******************************************************************************
*** INIT TABLE
***

          Address     Size
          -------     ----
Zero (__iar_zero_init3)
    1 destination range, total size 0x2b8:
          0x1fff0e5c  0x2b8



*******************************************************************************
*** MODULE SUMMARY
***

    Module                 ro code  rw code  ro data  rw data
    ------                 -------  -------  -------  -------
E:\K60singlechip\Beacon\Beacon\Beacon\Prj\IAR\Debug\Obj: [1]
    MK60_SysTick.o             100                64
    MK60_conf.o                320             1 948    1 800
    MK60_dma.o                 644                60
    MK60_flash.o                        400      460
    MK60_gpio.o                304                80       20
    MK60_mcg.o                 952       80      172       92
    MK60_port.o                176                20       20
    MK60_uart.o                620                84       24
    MK60_wdog.o                 64
    VCAN_LED.o                 112                 4        4
    VCAN_OV7725_Eagle.o        564               293      106
    VCAN_SCCB.o                866
    VCAN_computer.o             64                 4
    VCAN_key.o                 156                 8        8
    image_processing.o       1 508                 8
    main.o                     104                        600
    misc.o                      80                56
    startup_MK60DZ10.o           8
    system_MK60DZ10.o          304                         12
    vectors.o                                  1 040
    ---------------------------------------------------------
    Total:                   6 946      480    4 301    2 686

command line: [2]
    ---------------------------------------------------------
    Total:

dl7M_tlf.a: [3]
    div.o                       14
    exit.o                       4
    localeconv.o               108               136      136
    low_level_init.o             4
    printf.o                    36
    putchar.o                   12
    xfiles.o                                      67      144
    xprintffull_nomb.o       3 482
    xprout.o                    22
    xtls.o                       2
    ---------------------------------------------------------
    Total:                   3 684               203      280

m7M_tls.a: [4]
    DblAdd.o                   212
    DblCmpGe.o                  46
    DblCmpLe.o                  46
    DblDiv.o                   598
    DblMul.o                   418
    DblSub.o                   384
    DblToI32.o                  88
    I32ToDbl.o                  48
    fpinit_M.o                  34
    xdnorm.o                    66
    xdscale.o                  280
    ---------------------------------------------------------
    Total:                   2 220

rt7M_tl.a: [5]
    ABImemclr4.o                 6
    ABImemcpy_unaligned.o      118
    ABImemset48.o               50
    I64DivMod.o                238
    I64DivZer.o                  2
    cexit.o                     10
    cmain.o                     26
    cstartup_M.o                12
    data_init.o                 40
    memchr.o                    88
    strchr.o                    22
    strlen.o                    54
    zero_init3.o                64
    ---------------------------------------------------------
    Total:                     730

shb_l.a: [6]
    exit.o                      20
    ---------------------------------------------------------
    Total:                      20

    Gaps                        28                 2        6
    Linker created              24       16       32
-------------------------------------------------------------
    Grand Total:            13 652      496    4 538    2 972


*******************************************************************************
*** ENTRY LIST
***

Entry                      Address   Size  Type      Object
-----                      -------   ----  ----      ------
.bss$$Base              0x1fff0e5c          --   Gb  - Linker created -
.bss$$Limit             0x1fff1114          --   Gb  - Linker created -
.data$$Base             0x1fff0410          --   Gb  - Linker created -
.data$$Limit            0x1fff0c6c          --   Gb  - Linker created -
.data_init$$Base        0x00001cd8          --   Gb  - Linker created -
.data_init$$Limit       0x00002534          --   Gb  - Linker created -
.iar.init_table$$Base   0x00004554          --   Gb  - Linker created -
.iar.init_table$$Limit  0x00004564          --   Gb  - Linker created -
?main                   0x000045e1         Code  Gb  cmain.o [5]
ASSERT_FAILED_STR       0x000044c4   0x24  Data  Gb  MK60_conf.o [1]
CodeRelocate$$Base      0x00003e60          --   Gb  - Linker created -
CodeRelocate$$Limit     0x00004050          --   Gb  - Linker created -
CodeRelocateRam$$Base   0x1fff0c6c          --   Gb  - Linker created -
CodeRelocateRam$$Limit  0x1fff0e5c          --   Gb  - Linker created -
DMA0_IRQHandler         0x00004221    0x8  Code  Gb  main.o [1]
GPIOX                   0x1fff0b18   0x14  Data  Gb  MK60_gpio.o [1]
KEY_PTxn                0x1fff0bb4    0x8  Data  Gb  VCAN_key.o [1]
LED_PTxn                0x1fff0bbc    0x4  Data  Gb  VCAN_LED.o [1]
LoadInt                 0x000009a5   0x6e  Code  Lc  xprintffull_nomb.o [3]
NVIC_DisableIRQ         0x00003c41   0x14  Code  Lc  VCAN_OV7725_Eagle.o [1]
NVIC_EnableIRQ          0x00003c2d   0x14  Code  Lc  VCAN_OV7725_Eagle.o [1]
NVIC_SystemReset        0x0000348d   0x1a  Code  Lc  MK60_conf.o [1]
PORTA_IRQHandler        0x000041f5   0x22  Code  Gb  main.o [1]
PORTX                   0x1fff0b88   0x14  Data  Gb  MK60_port.o [1]
Region$$Table$$Base     0x00004554          --   Gb  - Linker created -
Region$$Table$$Limit    0x00004564          --   Gb  - Linker created -
Reset_Handler           0x00000411         Code  Gb  startup_MK60DZ10.o [1]
SCCB_Ack                0x0000300d   0x3c  Code  Lc  VCAN_SCCB.o [1]
SCCB_GPIO_init          0x00002f53   0x28  Code  Gb  VCAN_SCCB.o [1]
SCCB_NoAck              0x00003049   0x3c  Code  Lc  VCAN_SCCB.o [1]
SCCB_ReadByte           0x000031e9   0x2c  Code  Gb  VCAN_SCCB.o [1]
SCCB_ReadByte_one       0x00003215   0x86  Code  Lc  VCAN_SCCB.o [1]
SCCB_ReceiveByte        0x00003115   0x54  Code  Lc  VCAN_SCCB.o [1]
SCCB_SendByte           0x000030d1   0x44  Code  Lc  VCAN_SCCB.o [1]
SCCB_Start              0x00002f7b   0x5e  Code  Lc  VCAN_SCCB.o [1]
SCCB_Stop               0x00002fd9   0x34  Code  Lc  VCAN_SCCB.o [1]
SCCB_WaitAck            0x00003085   0x4c  Code  Lc  VCAN_SCCB.o [1]
SCCB_WriteByte          0x00003179   0x28  Code  Gb  VCAN_SCCB.o [1]
SCCB_WriteByte_one      0x000031a1   0x48  Code  Lc  VCAN_SCCB.o [1]
SCCB_delay              0x00002f39   0x1a  Code  Lc  VCAN_SCCB.o [1]
UARTN                   0x1fff0b9c   0x18  Data  Gb  MK60_uart.o [1]
_GenldFullNoMb          0x00000f1b  0x24e  Code  Lc  xprintffull_nomb.o [3]
_LdtobFullNoMb          0x00000b19  0x3fc  Code  Lc  xprintffull_nomb.o [3]
_LitobFullNoMb          0x00000a13  0x106  Code  Lc  xprintffull_nomb.o [3]
_Locale_aeabi_lconv     0x1fff1164   0x38  Data  Gb  localeconv.o [3]
_Locale_lconv           0x1fff1114   0x50  Data  Gb  localeconv.o [3]
_PrintfFullNoMb         0x00000419  0x586  Code  Gb  xprintffull_nomb.o [3]
_Prout                  0x0000463d   0x16  Code  Gb  xprout.o [3]
_PutcharsFullNoMb       0x00001169   0x2e  Code  Lc  xprintffull_nomb.o [3]
__BOOT_STACK_ADDRESS {Abs}
                        0x2000fff8          --   Gb  command line/config [2]
__VECTOR_RAM {Abs}      0x1fff0000          --   Gb  command line/config [2]
__VECTOR_TABLE {Abs}    0x00000000          --   Gb  command line/config [2]
__aeabi_cdcmple         0x00001405         Code  Gb  DblCmpLe.o [4]
__aeabi_cdrcmple        0x00001435         Code  Gb  DblCmpGe.o [4]
__aeabi_d2iz            0x0000157d         Code  Gb  DblToI32.o [4]
__aeabi_d2uiz           0x000015a9         Code  Gb  DblToI32.o [4]
__aeabi_ddiv            0x00001929         Code  Gb  DblDiv.o [4]
__aeabi_dmul            0x00001785         Code  Gb  DblMul.o [4]
__aeabi_dsub            0x00001605         Code  Gb  DblSub.o [4]
__aeabi_i2d             0x000015d5         Code  Gb  I32ToDbl.o [4]
__aeabi_ldiv0           0x00001bfd         Code  Gb  I64DivZer.o [5]
__aeabi_memclr4         0x00002b19         Code  Gb  ABImemclr4.o [5]
__aeabi_ui2d            0x000015e9         Code  Gb  I32ToDbl.o [4]
__aeabi_uldivmod        0x0000125d         Code  Gb  I64DivMod.o [5]
__cmain                 0x000045e1         Code  Gb  cmain.o [5]
__code_start__ {Abs}    0x00000410          --   Gb  command line/config [2]
__exit                  0x00004611   0x14  Code  Gb  exit.o [6]
__iar_Dnorm             0x000013c3   0x42  Code  Gb  xdnorm.o [4]
__iar_Dscale            0x00001465  0x118  Code  Gb  xdscale.o [4]
__iar_Locale_lconv_init
                        0x00001b81   0x3a  Code  Gb  localeconv.o [3]
__iar_Memchr            0x00001205         Code  Gb  memchr.o [5]
__iar_Memset4_word      0x00002b45         Code  Gb  ABImemset48.o [5]
__iar_Memset8_word      0x00002b45         Code  Gb  ABImemset48.o [5]
__iar_Stdout            0x1fff0c2c   0x40  Data  Gb  xfiles.o [3]
__iar_Strchr            0x000011b5         Code  Gb  strchr.o [5]
__iar_d2uiz             0x000015b5         Code  Gb  DblToI32.o [4]
__iar_dadd              0x00001c01         Code  Gb  DblAdd.o [4]
__iar_data_init3        0x0000449d   0x28  Code  Gb  data_init.o [5]
__iar_dlib_perthread_access
                        0x00001cd5    0x2  Code  Gb  xtls.o [3]
__iar_dsub              0x00001619         Code  Gb  DblSub.o [4]
__iar_dsubStart         0x0000162b         Code  Gb  DblSub.o [4]
__iar_init_vfp          0x00004531         Code  Gb  fpinit_M.o [4]
__iar_program_start     0x00004675         Code  Gb  cstartup_M.o [5]
__iar_ui2d              0x000015ed         Code  Gb  I32ToDbl.o [4]
__iar_unaligned___aeabi_memcpy
                        0x0000134d         Code  Gb  ABImemcpy_unaligned.o [5]
__iar_unaligned___aeabi_memcpy4
                        0x0000136d         Code  Gb  ABImemcpy_unaligned.o [5]
__iar_unaligned___aeabi_memcpy8
                        0x0000136d         Code  Gb  ABImemcpy_unaligned.o [5]
__iar_zero_init3        0x000042f9   0x40  Code  Gb  zero_init3.o [5]
__low_level_init        0x000045fb    0x4  Code  Gb  low_level_init.o [3]
__vector_table          0x00000000  0x410  Data  Gb  vectors.o [1]
_call_main              0x000045ed         Code  Gb  cmain.o [5]
_exit                   0x00004605         Code  Gb  cexit.o [5]
_main                   0x000045f7         Code  Gb  cmain.o [5]
assert_failed           0x000034a7   0x26  Code  Gb  MK60_conf.o [1]
bus_clk_khz             0x1fff10bc    0x4  Data  Gb  system_MK60DZ10.o [1]
catchBiggestLabel       0x00002535   0x24  Code  Gb  image_processing.o [1]
common_startup          0x000040af   0x98  Code  Gb  system_MK60DZ10.o [1]
core_clk_khz            0x1fff10b4    0x4  Data  Gb  system_MK60DZ10.o [1]
core_clk_mhz            0x1fff10b8    0x4  Data  Gb  system_MK60DZ10.o [1]
default_isr             0x0000357b   0x30  Code  Gb  MK60_conf.o [1]
div                     0x00001bed    0xe  Code  Gb  div.o [3]
dma_gpio_input_init     0x000039a9   0x5c  Code  Lc  MK60_dma.o [1]
dma_portx2buff_init     0x00003a05  0x1f4  Code  Gb  MK60_dma.o [1]
exit                    0x000045ff    0x4  Code  Gb  exit.o [3]
extractCenter           0x0000290f   0xe6  Code  Gb  image_processing.o [1]
fillRuns                0x00002559   0xa0  Code  Gb  image_processing.o [1]
firstPass               0x000025f9  0x100  Code  Gb  image_processing.o [1]
flash_cmd               0x1fff0c7d   0x20  Code  Gb  MK60_flash.o [1]
flash_erase_sector      0x1fff0cc1   0x5c  Code  Gb  MK60_flash.o [1]
flash_init              0x1fff0c9d   0x24  Code  Gb  MK60_flash.o [1]
flash_write             0x1fff0d1d   0xb4  Code  Gb  MK60_flash.o [1]
fputc                   0x000034cd   0x14  Code  Gb  MK60_conf.o [1]
gpio_get                0x00003385   0x3e  Code  Gb  MK60_gpio.o [1]
gpio_init               0x0000329d   0xae  Code  Gb  MK60_gpio.o [1]
gpio_turn               0x0000334b   0x3a  Code  Gb  MK60_gpio.o [1]
image_processing        0x000029f5  0x116  Code  Gb  image_processing.o [1]
imgbuff                 0x1fff0e5c  0x258  Data  Gb  main.o [1]
key_check               0x00003979   0x2a  Code  Gb  VCAN_key.o [1]
key_get                 0x0000395f   0x1a  Code  Gb  VCAN_key.o [1]
key_init                0x0000390d   0x52  Code  Gb  VCAN_key.o [1]
led_init                0x000035cd   0x3a  Code  Gb  VCAN_LED.o [1]
led_turn                0x00003607   0x32  Code  Gb  VCAN_LED.o [1]
localeconv              0x00001bbb   0x16  Code  Gb  localeconv.o [3]
main                    0x000041c1   0x32  Code  Gb  main.o [1]
mcg_cfg                 0x1fff0b2c   0x58  Data  Gb  MK60_mcg.o [1]
mcg_div                 0x1fff0b84    0x4  Data  Gb  MK60_mcg.o [1]
mcg_div_count           0x00002b81  0x2e8  Code  Gb  MK60_mcg.o [1]
memchr                  0x00001205         Code  Gb  memchr.o [5]
obuf                    0x1fff10c4   0x50  Data  Lc  xfiles.o [3]
ov7725_eagle_cfgnum     0x1fff0c28    0x1  Data  Gb  VCAN_OV7725_Eagle.o [1]
ov7725_eagle_dma        0x00003d0d   0x14  Code  Gb  VCAN_OV7725_Eagle.o [1]
ov7725_eagle_get_img    0x00003d21   0x42  Code  Gb  VCAN_OV7725_Eagle.o [1]
ov7725_eagle_img_buff   0x1fff10c0    0x4  Data  Gb  VCAN_OV7725_Eagle.o [1]
ov7725_eagle_img_flag   0x1fff0bc0    0x1  Data  Gb  VCAN_OV7725_Eagle.o [1]
ov7725_eagle_init       0x00003c55   0x18  Code  Gb  VCAN_OV7725_Eagle.o [1]
ov7725_eagle_port_init  0x00003c6d   0x54  Code  Lc  VCAN_OV7725_Eagle.o [1]
ov7725_eagle_reg        0x1fff0bc4   0x64  Data  Gb  VCAN_OV7725_Eagle.o [1]
ov7725_eagle_reg_init   0x00003d63   0xb0  Code  Lc  VCAN_OV7725_Eagle.o [1]
ov7725_eagle_vsync      0x00003cc1   0x4c  Code  Gb  VCAN_OV7725_Eagle.o [1]
pll_init                0x00002e69   0xb2  Code  Gb  MK60_mcg.o [1]
port_init               0x000033cd   0x44  Code  Gb  MK60_port.o [1]
port_init_NoALT         0x00003411   0x62  Code  Gb  MK60_port.o [1]
printf                  0x00002b21   0x24  Code  Gb  printf.o [3]
putchar                 0x00004655    0xc  Code  Gb  putchar.o [3]
replaceArray            0x000028c1   0x4e  Code  Gb  image_processing.o [1]
replaceSameLabel        0x000026f9  0x1c8  Code  Gb  image_processing.o [1]
set_sys_dividers        0x1fff0e0d   0x50  Code  Gb  MK60_mcg.o [1]
set_vector_handler      0x0000424b   0x22  Code  Gb  misc.o [1]
start                   0x00004051   0x22  Code  Gb  system_MK60DZ10.o [1]
start_check             0x000034e1   0x9a  Code  Gb  MK60_conf.o [1]
strchr                  0x000011b5         Code  Gb  strchr.o [5]
strlen                  0x000011cd         Code  Gb  strlen.o [5]
sysinit                 0x00004073   0x3c  Code  Gb  system_MK60DZ10.o [1]
systick_delay           0x0000363d   0x36  Code  Gb  MK60_SysTick.o [1]
systick_delay_ms        0x00003673   0x18  Code  Gb  MK60_SysTick.o [1]
uart_init               0x000036a1  0x214  Code  Gb  MK60_uart.o [1]
uart_putbuff            0x000038cf   0x24  Code  Gb  MK60_uart.o [1]
uart_putchar            0x000038b5   0x1a  Code  Gb  MK60_uart.o [1]
vcan_sendimg            0x00004279   0x38  Code  Gb  VCAN_computer.o [1]
vector_str              0x1fff0410  0x708  Data  Gb  MK60_conf.o [1]
wdog_disable            0x00004181   0x16  Code  Gb  MK60_wdog.o [1]
wdog_unlock             0x00004197   0x20  Code  Lc  MK60_wdog.o [1]
write_vtor              0x00004229   0x22  Code  Gb  misc.o [1]


[1] = E:\K60singlechip\Beacon\Beacon\Beacon\Prj\IAR\Debug\Obj
[2] = command line
[3] = dl7M_tlf.a
[4] = m7M_tls.a
[5] = rt7M_tl.a
[6] = shb_l.a

  13 652 bytes of readonly  code memory
     496 bytes of readwrite code memory
   4 538 bytes of readonly  data memory
   2 972 bytes of readwrite data memory

Errors: none
Warnings: none
