###############################################################################
#
# IAR ELF Linker V7.40.3.8902/W32 for ARM                 02/Dec/2017  10:48:05
# Copyright 2007-2015 IAR Systems AB.
#
#    Output file  =  
#        E:\K60singlechip\Code\LPLD_OSKinetis_V3\LPLD_Beacon\Beacon\iar\FLASH\Exe\Beacon_K60F12.out
#    Map file     =  
#        E:\K60singlechip\Code\LPLD_OSKinetis_V3\LPLD_Beacon\Beacon\iar\FLASH\List\Beacon_K60F12.map
#    Command line =  
#        E:\K60singlechip\Code\LPLD_OSKinetis_V3\LPLD_Beacon\Beacon\iar\FLASH\Obj\alloc.o
#        E:\K60singlechip\Code\LPLD_OSKinetis_V3\LPLD_Beacon\Beacon\iar\FLASH\Obj\assert.o
#        E:\K60singlechip\Code\LPLD_OSKinetis_V3\LPLD_Beacon\Beacon\iar\FLASH\Obj\Beacon.o
#        E:\K60singlechip\Code\LPLD_OSKinetis_V3\LPLD_Beacon\Beacon\iar\FLASH\Obj\HW_ADC.o
#        E:\K60singlechip\Code\LPLD_OSKinetis_V3\LPLD_Beacon\Beacon\iar\FLASH\Obj\HW_DMA.o
#        E:\K60singlechip\Code\LPLD_OSKinetis_V3\LPLD_Beacon\Beacon\iar\FLASH\Obj\HW_FTM.o
#        E:\K60singlechip\Code\LPLD_OSKinetis_V3\LPLD_Beacon\Beacon\iar\FLASH\Obj\HW_GPIO.o
#        E:\K60singlechip\Code\LPLD_OSKinetis_V3\LPLD_Beacon\Beacon\iar\FLASH\Obj\HW_MCG.o
#        E:\K60singlechip\Code\LPLD_OSKinetis_V3\LPLD_Beacon\Beacon\iar\FLASH\Obj\HW_NVIC.o
#        E:\K60singlechip\Code\LPLD_OSKinetis_V3\LPLD_Beacon\Beacon\iar\FLASH\Obj\HW_PIT.o
#        E:\K60singlechip\Code\LPLD_OSKinetis_V3\LPLD_Beacon\Beacon\iar\FLASH\Obj\HW_UART.o
#        E:\K60singlechip\Code\LPLD_OSKinetis_V3\LPLD_Beacon\Beacon\iar\FLASH\Obj\io.o
#        E:\K60singlechip\Code\LPLD_OSKinetis_V3\LPLD_Beacon\Beacon\iar\FLASH\Obj\LPLD_OV7725.o
#        E:\K60singlechip\Code\LPLD_OSKinetis_V3\LPLD_Beacon\Beacon\iar\FLASH\Obj\LPLD_SCCB.o
#        E:\K60singlechip\Code\LPLD_OSKinetis_V3\LPLD_Beacon\Beacon\iar\FLASH\Obj\printf.o
#        E:\K60singlechip\Code\LPLD_OSKinetis_V3\LPLD_Beacon\Beacon\iar\FLASH\Obj\queue.o
#        E:\K60singlechip\Code\LPLD_OSKinetis_V3\LPLD_Beacon\Beacon\iar\FLASH\Obj\relocate.o
#        E:\K60singlechip\Code\LPLD_OSKinetis_V3\LPLD_Beacon\Beacon\iar\FLASH\Obj\startup_K60F12.o
#        E:\K60singlechip\Code\LPLD_OSKinetis_V3\LPLD_Beacon\Beacon\iar\FLASH\Obj\stdlib.o
#        E:\K60singlechip\Code\LPLD_OSKinetis_V3\LPLD_Beacon\Beacon\iar\FLASH\Obj\system_MK60.o
#        E:\K60singlechip\Code\LPLD_OSKinetis_V3\LPLD_Beacon\Beacon\iar\FLASH\Obj\uif.o
#        --redirect _Printf=_PrintfFull --redirect _Scanf=_ScanfFull -o
#        E:\K60singlechip\Code\LPLD_OSKinetis_V3\LPLD_Beacon\Beacon\iar\FLASH\Exe\Beacon_K60F12.out
#        --map
#        E:\K60singlechip\Code\LPLD_OSKinetis_V3\LPLD_Beacon\Beacon\iar\FLASH\List\Beacon_K60F12.map
#        --config
#        E:\K60singlechip\Code\LPLD_OSKinetis_V3\LPLD_Beacon\Beacon\iar\..\..\..\lib\iar_config_files\LPLD_K60FN1M0_FLASH.icf
#        --semihosting --entry __iar_program_start
#        E:\IAR\File\arm\CMSIS\Lib\IAR\iar_cortexM4lf_math.a
#        --merge_duplicate_sections --vfe
#
###############################################################################

*******************************************************************************
*** RUNTIME MODEL ATTRIBUTES
***

CppFlavor       = *
__SystemLibrary = DLib


*******************************************************************************
*** PLACEMENT SUMMARY
***

"A1":  place at 0x00000000 { ro section .intvec };
"A2":  place at 0x00000410 { ro section .noinit };
"P1":  place in [from 0x00000000 to 0x0007ffff] { ro, block CodeRelocate };
"P2":  place in [from 0x1fff0410 to 0x2000fff0] {
          rw, block CodeRelocateRam, block CSTACK, block HEAP };

  Section              Kind        Address    Size  Object
  -------              ----        -------    ----  ------
"A1":                                        0x400
  .intvec              ro code  0x00000000   0x400  startup_K60F12.o [1]
                              - 0x00000400   0x400

"P1", part 1 of 2:                             0x0
  .rodata              const    0x00000400     0x0  zero_init3.o [5]
  CodeRelocate                  0x00000400     0x0  <Block>

"A2":                                         0x14
  .noinit              ro code  0x00000410    0x10  startup_K60F12.o [1]
  .noinit              ro code  0x00000420     0x4  startup_K60F12.o [1]
                              - 0x00000424    0x14

"P1", part 2 of 2:                          0x3024
  .text                ro code  0x00000424   0x7ec  HW_DMA.o [1]
  .text                ro code  0x00000c10    0x14  assert.o [1]
  .text                ro code  0x00000c24   0x4e4  printf.o [1]
  .text                ro code  0x00001108    0x1c  stdlib.o [1]
  .text                ro code  0x00001124   0x734  HW_UART.o [1]
  .text                ro code  0x00001858   0x68c  system_MK60.o [1]
  .text                ro code  0x00001ee4    0xa0  relocate.o [1]
  .text                ro code  0x00001f84   0x188  HW_MCG.o [1]
  .text                ro code  0x0000210c    0x56  ABImemcpy_unaligned.o [5]
  .rodata              const    0x00002162     0x2  LPLD_OV7725.o [1]
  .text                ro code  0x00002164   0x3a4  LPLD_OV7725.o [1]
  .text                ro code  0x00002508   0x188  HW_GPIO.o [1]
  .text                ro code  0x00002690   0x1c4  HW_NVIC.o [1]
  .text                ro code  0x00002854   0x370  LPLD_SCCB.o [1]
  .data_init                    0x00002bc4    0x80  <Block>
    Initializer bytes  const    0x00002bc4    0x80  <for .data-1>
  .text                ro code  0x00002c44    0x6c  HW_PIT.o [1]
  .rodata              const    0x00002cb0    0x48  system_MK60.o [1]
  .rodata              const    0x00002cf8    0x44  system_MK60.o [1]
  .rodata              const    0x00002d3c    0x44  system_MK60.o [1]
  .rodata              const    0x00002d80    0x40  HW_DMA.o [1]
  .rodata              const    0x00002dc0    0x40  HW_GPIO.o [1]
  .rodata              const    0x00002e00    0x40  HW_NVIC.o [1]
  .text                ro code  0x00002e40    0x40  zero_init3.o [5]
  .rodata              const    0x00002e80    0x34  system_MK60.o [1]
  .rodata              const    0x00002eb4    0x30  assert.o [1]
  .rodata              const    0x00002ee4    0x30  system_MK60.o [1]
  .rodata              const    0x00002f14    0x30  system_MK60.o [1]
  .text                ro code  0x00002f44    0x2c  HW_ADC.o [1]
  .text                ro code  0x00002f70    0x2c  HW_FTM.o [1]
  .rodata              const    0x00002f9c    0x28  system_MK60.o [1]
  .text                ro code  0x00002fc4    0x28  data_init.o [5]
  .rodata              const    0x00002fec    0x24  system_MK60.o [1]
  .rodata              const    0x00003010    0x24  system_MK60.o [1]
  .rodata              const    0x00003034    0x24  system_MK60.o [1]
  .text                ro code  0x00003058    0x22  fpinit_M.o [4]
  .iar.init_table      const    0x0000307c    0x10  - Linker created -
  .rodata              const    0x0000308c     0x2  LPLD_OV7725.o [1]
  .rodata              const    0x00003090    0x20  system_MK60.o [1]
  .rodata              const    0x000030b0    0x20  system_MK60.o [1]
  .rodata              const    0x000030d0    0x20  system_MK60.o [1]
  .rodata              const    0x000030f0    0x20  system_MK60.o [1]
  .rodata              const    0x00003110    0x20  system_MK60.o [1]
  .rodata              const    0x00003130    0x1c  system_MK60.o [1]
  .rodata              const    0x0000314c    0x1c  system_MK60.o [1]
  .rodata              const    0x00003168    0x1c  system_MK60.o [1]
  .rodata              const    0x00003184    0x1c  system_MK60.o [1]
  .rodata              const    0x000031a0    0x1c  system_MK60.o [1]
  .text                ro code  0x000031bc    0x1c  Beacon.o [1]
  .text                ro code  0x000031d8    0x1a  cmain.o [5]
  .text                ro code  0x000031f2     0x4  low_level_init.o [3]
  .text                ro code  0x000031f6     0x4  exit.o [3]
  .text                ro code  0x000031fc     0xa  cexit.o [5]
  .text                ro code  0x00003208    0x14  exit.o [6]
  .rodata              const    0x0000321c    0x18  system_MK60.o [1]
  .rodata              const    0x00003234    0x18  system_MK60.o [1]
  .rodata              const    0x0000324c    0x18  system_MK60.o [1]
  .rodata              const    0x00003264    0x18  system_MK60.o [1]
  .rodata              const    0x0000327c    0x18  system_MK60.o [1]
  .rodata              const    0x00003294    0x18  system_MK60.o [1]
  .rodata              const    0x000032ac    0x18  system_MK60.o [1]
  .rodata              const    0x000032c4    0x18  system_MK60.o [1]
  .rodata              const    0x000032dc    0x18  system_MK60.o [1]
  .rodata              const    0x000032f4    0x14  system_MK60.o [1]
  .rodata              const    0x00003308    0x14  system_MK60.o [1]
  .rodata              const    0x0000331c    0x14  system_MK60.o [1]
  .rodata              const    0x00003330    0x14  system_MK60.o [1]
  .text                ro code  0x00003344    0x14  io.o [1]
  .rodata              const    0x00003358    0x10  system_MK60.o [1]
  .rodata              const    0x00003368    0x10  system_MK60.o [1]
  .rodata              const    0x00003378    0x10  system_MK60.o [1]
  .rodata              const    0x00003388    0x10  system_MK60.o [1]
  .rodata              const    0x00003398     0xc  system_MK60.o [1]
  .text                ro code  0x000033a4     0xc  cstartup_M.o [5]
  .rodata              const    0x000033b0     0x8  system_MK60.o [1]
  .rodata              const    0x000033b8     0x8  system_MK60.o [1]
  .rodata              const    0x000033c0     0x8  system_MK60.o [1]
  .rodata              const    0x000033c8     0x8  system_MK60.o [1]
  .rodata              const    0x000033d0     0x8  system_MK60.o [1]
  .rodata              const    0x000033d8     0x8  system_MK60.o [1]
  .rodata              const    0x000033e0     0x8  system_MK60.o [1]
  .rodata              const    0x000033e8     0x8  system_MK60.o [1]
  .rodata              const    0x000033f0     0x8  system_MK60.o [1]
  .rodata              const    0x000033f8     0x8  system_MK60.o [1]
  .rodata              const    0x00003400     0x8  system_MK60.o [1]
  .rodata              const    0x00003408     0x8  system_MK60.o [1]
  .rodata              const    0x00003410     0x8  system_MK60.o [1]
  .rodata              const    0x00003418     0x8  system_MK60.o [1]
  .rodata              const    0x00003420     0x8  system_MK60.o [1]
  .rodata              const    0x00003428     0x8  system_MK60.o [1]
  .rodata              const    0x00003430     0x8  system_MK60.o [1]
  .rodata              const    0x00003438     0x8  system_MK60.o [1]
  .rodata              const    0x00003440     0x8  system_MK60.o [1]
                              - 0x00003448  0x3024

"P2":                                       0x23d0
  .data                         0x1fff0410    0x80  <Block>
    .data-1                     0x1fff0410    0x80  <Init block>
      .data            inited   0x1fff0410     0x4  HW_MCG.o [1]
      .data            inited   0x1fff0414     0x4  HW_MCG.o [1]
      .data            inited   0x1fff0418     0x4  HW_MCG.o [1]
      .data            inited   0x1fff041c     0x4  HW_MCG.o [1]
      .data            inited   0x1fff0420     0x1  LPLD_OV7725.o [1]
      .data            inited   0x1fff0424    0x64  LPLD_OV7725.o [1]
      .data            inited   0x1fff0488     0x1  LPLD_OV7725.o [1]
      .data            inited   0x1fff048c     0x4  system_MK60.o [1]
  .bss                          0x1fff0490   0x34c  <Block>
    .bss               zero     0x1fff0490    0x10  HW_ADC.o [1]
    .bss               zero     0x1fff04a0    0x80  HW_DMA.o [1]
    .bss               zero     0x1fff0520    0x10  HW_FTM.o [1]
    .bss               zero     0x1fff0530    0x14  HW_GPIO.o [1]
    .bss               zero     0x1fff0544    0x10  HW_PIT.o [1]
    .bss               zero     0x1fff0554    0x18  HW_UART.o [1]
    .bss               zero     0x1fff056c    0x18  HW_UART.o [1]
    .bss               zero     0x1fff0584   0x258  LPLD_OV7725.o [1]
  CodeRelocateRam               0x1fff07dc     0x0  <Block>
  CSTACK                        0x1fff07e0  0x2000  <Block>
    CSTACK             uninit   0x1fff07e0  0x2000  <Block tail>
                              - 0x1fff27e0  0x23d0


*******************************************************************************
*** INIT TABLE
***

          Address     Size
          -------     ----
Zero (__iar_zero_init3)
    1 destination range, total size 0x34c:
          0x1fff0490  0x34c



*******************************************************************************
*** MODULE SUMMARY
***

    Module                 ro code  ro data  rw data
    ------                 -------  -------  -------
E:\K60singlechip\Code\LPLD_OSKinetis_V3\LPLD_Beacon\Beacon\iar\FLASH\Obj: [1]
    Beacon.o                    28
    HW_ADC.o                    44                16
    HW_DMA.o                 2 028       64      128
    HW_FTM.o                    44                16
    HW_GPIO.o                  392       64       20
    HW_MCG.o                   392       16       16
    HW_NVIC.o                  452       64
    HW_PIT.o                   108                16
    HW_UART.o                1 844                48
    LPLD_OV7725.o              932      109      702
    LPLD_SCCB.o                880
    assert.o                    20       48
    io.o                        20
    printf.o                 1 252
    relocate.o                 160
    startup_K60F12.o         1 044
    stdlib.o                    28
    system_MK60.o            1 676    1 335        4
    ------------------------------------------------
    Total:                  11 344    1 700      966

command line: [2]
    ------------------------------------------------
    Total:

dl7M_tln.a: [3]
    exit.o                       4
    low_level_init.o             4
    ------------------------------------------------
    Total:                       8

m7M_tls.a: [4]
    fpinit_M.o                  34
    ------------------------------------------------
    Total:                      34

rt7M_tl.a: [5]
    ABImemcpy_unaligned.o       86
    cexit.o                     10
    cmain.o                     26
    cstartup_M.o                12
    data_init.o                 40
    zero_init3.o                64
    ------------------------------------------------
    Total:                     238

shb_l.a: [6]
    exit.o                      20
    ------------------------------------------------
    Total:                      20

    Gaps                         4        4        6
    Linker created                       16    8 192
----------------------------------------------------
    Grand Total:            11 648    1 720    9 164


*******************************************************************************
*** ENTRY LIST
***

Entry                      Address   Size  Type      Object
-----                      -------   ----  ----      ------
.bss$$Base              0x1fff0490          --   Gb  - Linker created -
.bss$$Limit             0x1fff07dc          --   Gb  - Linker created -
.data$$Base             0x1fff0410          --   Gb  - Linker created -
.data$$Limit            0x1fff0490          --   Gb  - Linker created -
.data_init$$Base        0x00002bc4          --   Gb  - Linker created -
.data_init$$Limit       0x00002c44          --   Gb  - Linker created -
.iar.init_table$$Base   0x0000307c          --   Gb  - Linker created -
.iar.init_table$$Limit  0x0000308c          --   Gb  - Linker created -
?main                   0x000031d9         Code  Gb  cmain.o [5]
ADC0_IRQHandler         0x00002f45    0xa  Code  Gb  HW_ADC.o [1]
ADC1_IRQHandler         0x00002f4f    0xa  Code  Gb  HW_ADC.o [1]
ADC2_IRQHandler         0x00002f59    0xa  Code  Gb  HW_ADC.o [1]
ADC3_IRQHandler         0x00002f63    0xa  Code  Gb  HW_ADC.o [1]
ADC_ISR                 0x1fff0490   0x10  Data  Gb  HW_ADC.o [1]
ASSERT_FAILED_STR       0x00002eb4   0x30  Data  Gb  assert.o [1]
CSTACK$$Base            0x1fff07e0          --   Gb  - Linker created -
CSTACK$$Limit           0x1fff27e0          --   Gb  - Linker created -
CodeRelocate$$Base      0x00000400          --   Gb  - Linker created -
CodeRelocate$$Limit     0x00000400          --   Gb  - Linker created -
CodeRelocateRam$$Base   0x1fff07dc          --   Gb  - Linker created -
CodeRelocateRam$$Limit  0x1fff07dc          --   Gb  - Linker created -
DMA0_IRQHandler         0x0000080d   0x4a  Code  Gb  HW_DMA.o [1]
DMA10_IRQHandler        0x00000a8f   0x3a  Code  Gb  HW_DMA.o [1]
DMA11_IRQHandler        0x00000ac9   0x3a  Code  Gb  HW_DMA.o [1]
DMA12_IRQHandler        0x00000b03   0x3a  Code  Gb  HW_DMA.o [1]
DMA13_IRQHandler        0x00000b3d   0x3a  Code  Gb  HW_DMA.o [1]
DMA14_IRQHandler        0x00000b77   0x3a  Code  Gb  HW_DMA.o [1]
DMA15_IRQHandler        0x00000bb1   0x3a  Code  Gb  HW_DMA.o [1]
DMA1_IRQHandler         0x00000857   0x4a  Code  Gb  HW_DMA.o [1]
DMA2_IRQHandler         0x000008a1   0x4a  Code  Gb  HW_DMA.o [1]
DMA3_IRQHandler         0x000008eb   0x48  Code  Gb  HW_DMA.o [1]
DMA4_IRQHandler         0x00000933   0x3a  Code  Gb  HW_DMA.o [1]
DMA5_IRQHandler         0x0000096d   0x3a  Code  Gb  HW_DMA.o [1]
DMA6_IRQHandler         0x000009a7   0x3a  Code  Gb  HW_DMA.o [1]
DMA7_IRQHandler         0x000009e1   0x3a  Code  Gb  HW_DMA.o [1]
DMA8_IRQHandler         0x00000a1b   0x3a  Code  Gb  HW_DMA.o [1]
DMA9_IRQHandler         0x00000a55   0x3a  Code  Gb  HW_DMA.o [1]
DMA_ISR                 0x1fff04a0   0x80  Data  Gb  HW_DMA.o [1]
DefaultISR              0x000019d1   0x18  Code  Gb  system_MK60.o [1]
Diagnostic_Reset_Source
                        0x00001c15  0x156  Code  Lc  system_MK60.o [1]
FTM0_IRQHandler         0x00002f71    0xa  Code  Gb  HW_FTM.o [1]
FTM1_IRQHandler         0x00002f7b    0xa  Code  Gb  HW_FTM.o [1]
FTM2_IRQHandler         0x00002f85    0xa  Code  Gb  HW_FTM.o [1]
FTM3_IRQHandler         0x00002f8f    0xa  Code  Gb  HW_FTM.o [1]
FTM_ISR                 0x1fff0520   0x10  Data  Gb  HW_FTM.o [1]
GPIO_ISR                0x1fff0530   0x14  Data  Gb  HW_GPIO.o [1]
HardFault_Handler       0x000019c5    0xc  Code  Gb  system_MK60.o [1]
LPLD_DMA_EnableIrq      0x000007e1   0x2c  Code  Gb  HW_DMA.o [1]
LPLD_DMA_Init           0x0000043b  0x3a6  Code  Gb  HW_DMA.o [1]
LPLD_DMA_Isr            0x0000239d   0x14  Code  Gb  LPLD_OV7725.o [1]
LPLD_GPIO_Init          0x00002509   0xe4  Code  Gb  HW_GPIO.o [1]
LPLD_NVIC_Init          0x00002735  0x104  Code  Gb  HW_NVIC.o [1]
LPLD_PLL_Setup          0x00001f85  0x188  Code  Gb  HW_MCG.o [1]
LPLD_UART_Init          0x00001125  0x40a  Code  Gb  HW_UART.o [1]
LPLD_UART_PutChar       0x0000152f    0xa  Code  Gb  HW_UART.o [1]
LPLD_UART_PutCharArr    0x00001539   0x20  Code  Gb  HW_UART.o [1]
NVIC_DisableIRQ         0x000026c1   0x14  Code  Lc  HW_NVIC.o [1]
NVIC_DisableIRQ         0x0000217b   0x16  Code  Lc  LPLD_OV7725.o [1]
NVIC_EnableIRQ          0x00000425   0x16  Code  Lc  HW_DMA.o [1]
NVIC_EnableIRQ          0x000026ad   0x14  Code  Lc  HW_NVIC.o [1]
NVIC_EnableIRQ          0x00002165   0x16  Code  Lc  LPLD_OV7725.o [1]
NVIC_EncodePriority     0x000026f7   0x3e  Code  Lc  HW_NVIC.o [1]
NVIC_Init               0x000022c1   0x5c  Code  Gb  LPLD_OV7725.o [1]
NVIC_SetPriority        0x000026d5   0x22  Code  Lc  HW_NVIC.o [1]
NVIC_SetPriorityGrouping
                        0x00002691   0x1c  Code  Lc  HW_NVIC.o [1]
OV7725_DMA_Init         0x0000222b   0x96  Code  Gb  LPLD_OV7725.o [1]
OV7725_GPIO_Init        0x000021ad   0x7e  Code  Gb  LPLD_OV7725.o [1]
OV7725_Init             0x00002191   0x1c  Code  Gb  LPLD_OV7725.o [1]
PIT0_IRQHandler         0x00002c45   0x16  Code  Gb  HW_PIT.o [1]
PIT1_IRQHandler         0x00002c5b   0x16  Code  Gb  HW_PIT.o [1]
PIT2_IRQHandler         0x00002c71   0x16  Code  Gb  HW_PIT.o [1]
PIT3_IRQHandler         0x00002c87   0x16  Code  Gb  HW_PIT.o [1]
PIT_ISR                 0x1fff0544   0x10  Data  Gb  HW_PIT.o [1]
PORTA_IRQHandler        0x000025ed   0x12  Code  Gb  HW_GPIO.o [1]
PORTB_IRQHandler        0x000025ff   0x12  Code  Gb  HW_GPIO.o [1]
PORTC_IRQHandler        0x00002611   0x12  Code  Gb  HW_GPIO.o [1]
PORTD_IRQHandler        0x00002623   0x12  Code  Gb  HW_GPIO.o [1]
PORTE_IRQHandler        0x00002635   0x12  Code  Gb  HW_GPIO.o [1]
Region$$Table$$Base     0x0000307c          --   Gb  - Linker created -
Region$$Table$$Limit    0x0000308c          --   Gb  - Linker created -
SCCB_Ack                0x00002935   0x3c  Code  Lc  LPLD_SCCB.o [1]
SCCB_GPIO_Init          0x0000286f   0x34  Code  Gb  LPLD_SCCB.o [1]
SCCB_NoAck              0x00002971   0x3c  Code  Lc  LPLD_SCCB.o [1]
SCCB_ReadByte           0x00002b15   0x2c  Code  Gb  LPLD_SCCB.o [1]
SCCB_ReadByte_one       0x00002b41   0x84  Code  Lc  LPLD_SCCB.o [1]
SCCB_ReceiveByte        0x00002a3d   0x54  Code  Lc  LPLD_SCCB.o [1]
SCCB_SendByte           0x000029f9   0x44  Code  Lc  LPLD_SCCB.o [1]
SCCB_Start              0x000028a3   0x5e  Code  Lc  LPLD_SCCB.o [1]
SCCB_Stop               0x00002901   0x34  Code  Lc  LPLD_SCCB.o [1]
SCCB_WaitAck            0x000029ad   0x4c  Code  Lc  LPLD_SCCB.o [1]
SCCB_WriteByte          0x00002aa5   0x28  Code  Gb  LPLD_SCCB.o [1]
SCCB_WriteByte_one      0x00002acd   0x48  Code  Lc  LPLD_SCCB.o [1]
SCCB_delay              0x00002855   0x1a  Code  Lc  LPLD_SCCB.o [1]
SystemCoreClock         0x1fff048c    0x4  Data  Gb  system_MK60.o [1]
SystemCoreClockUpdate   0x00001995   0x30  Code  Gb  system_MK60.o [1]
SystemInit              0x00001859  0x13c  Code  Gb  system_MK60.o [1]
UART0_ERR_IRQHandler    0x0000184d    0x2  Code  Gb  HW_UART.o [1]
UART0_IRQHandler        0x00001559   0x58  Code  Gb  HW_UART.o [1]
UART1_ERR_IRQHandler    0x0000184f    0x2  Code  Gb  HW_UART.o [1]
UART1_IRQHandler        0x000015b1   0x58  Code  Gb  HW_UART.o [1]
UART2_ERR_IRQHandler    0x00001851    0x2  Code  Gb  HW_UART.o [1]
UART2_IRQHandler        0x00001609   0x58  Code  Gb  HW_UART.o [1]
UART3_ERR_IRQHandler    0x00001853    0x2  Code  Gb  HW_UART.o [1]
UART3_IRQHandler        0x00001661   0x58  Code  Gb  HW_UART.o [1]
UART4_ERR_IRQHandler    0x00001855    0x2  Code  Gb  HW_UART.o [1]
UART4_IRQHandler        0x000016b9   0x58  Code  Gb  HW_UART.o [1]
UART5_ERR_IRQHandler    0x00001857    0x2  Code  Gb  HW_UART.o [1]
UART5_IRQHandler        0x00001711   0x58  Code  Gb  HW_UART.o [1]
UART_Init               0x0000231d   0x30  Code  Gb  LPLD_OV7725.o [1]
UART_R_ISR              0x1fff0554   0x18  Data  Gb  HW_UART.o [1]
UART_T_ISR              0x1fff056c   0x18  Data  Gb  HW_UART.o [1]
__BOOT_STACK_ADDRESS {Abs}
                        0x2000ffe8          --   Gb  command line/config [2]
__VECTOR_RAM {Abs}      0x1fff0000          --   Gb  command line/config [2]
__VECTOR_TABLE {Abs}    0x00000000          --   Gb  command line/config [2]
__Vectors               0x00000000          --   Gb  startup_K60F12.o [1]
__Vectors_End           0x00000400         Data  Gb  startup_K60F12.o [1]
__Vectors_Size {Abs}    0x00000400          --   Gb  startup_K60F12.o [1]
__cmain                 0x000031d9         Code  Gb  cmain.o [5]
__exit                  0x00003209   0x14  Code  Gb  exit.o [6]
__iar_data_init3        0x00002fc5   0x28  Code  Gb  data_init.o [5]
__iar_init_vfp          0x00003059         Code  Gb  fpinit_M.o [4]
__iar_program_start     0x000033a5         Code  Gb  cstartup_M.o [5]
__iar_unaligned___aeabi_memcpy4
                        0x0000210d         Code  Gb  ABImemcpy_unaligned.o [5]
__iar_unaligned___aeabi_memcpy8
                        0x0000210d         Code  Gb  ABImemcpy_unaligned.o [5]
__iar_zero_init3        0x00002e41   0x40  Code  Gb  zero_init3.o [5]
__low_level_init        0x000031f3    0x4  Code  Gb  low_level_init.o [3]
__vector_table          0x00000000         Data  Gb  startup_K60F12.o [1]
__vector_table_0x1c     0x0000001c         Data  Gb  startup_K60F12.o [1]
_call_main              0x000031e5         Code  Gb  cmain.o [5]
_exit                   0x000031fd         Code  Gb  cexit.o [5]
_main                   0x000031ef         Code  Gb  cmain.o [5]
assert_failed           0x00000c11   0x14  Code  Gb  assert.o [1]
common_relocate         0x00001ee5   0xa0  Code  Gb  relocate.o [1]
cpu_identify            0x000019ed  0x182  Code  Lc  system_MK60.o [1]
exit                    0x000031f7    0x4  Code  Gb  exit.o [3]
flash_identify          0x00001b6f   0xa6  Code  Lc  system_MK60.o [1]
g_bus_clock             0x1fff0414    0x4  Data  Gb  HW_MCG.o [1]
g_core_clock            0x1fff0410    0x4  Data  Gb  HW_MCG.o [1]
g_flash_clock           0x1fff0418    0x4  Data  Gb  HW_MCG.o [1]
g_flexbus_clock         0x1fff041c    0x4  Data  Gb  HW_MCG.o [1]
imgbuff                 0x1fff0584  0x258  Data  Gb  LPLD_OV7725.o [1]
lpld_sending            0x0000246b   0x38  Code  Gb  LPLD_OV7725.o [1]
main                    0x000031bd   0x1c  Code  Gb  Beacon.o [1]
out_char                0x00003345    0xe  Code  Gb  io.o [1]
ov7725_delay            0x000024e9   0x20  Code  Gb  LPLD_OV7725.o [1]
ov7725_eagle_cfgnum     0x1fff0488    0x1  Data  Gb  LPLD_OV7725.o [1]
ov7725_eagle_get_img    0x000023b1   0x3e  Code  Gb  LPLD_OV7725.o [1]
ov7725_eagle_img_flag   0x1fff0420    0x1  Data  Gb  LPLD_OV7725.o [1]
ov7725_eagle_reg        0x1fff0424   0x64  Data  Gb  LPLD_OV7725.o [1]
ov7725_eagle_reg_init   0x000023ef   0x7c  Code  Gb  LPLD_OV7725.o [1]
porta_isr               0x0000234d   0x50  Code  Gb  LPLD_OV7725.o [1]
printf                  0x000010e5   0x1e  Code  Gb  printf.o [1]
printk                  0x00000cfd  0x3e8  Code  Gb  printf.o [1]
printk_mknumstr         0x00000c51   0x70  Code  Lc  printf.o [1]
printk_pad_space        0x00000cdf   0x1e  Code  Lc  printf.o [1]
printk_pad_zero         0x00000cc1   0x1e  Code  Lc  printf.o [1]
printk_putc             0x00000c25   0x2c  Code  Lc  printf.o [1]
strlen                  0x00001109   0x1c  Code  Gb  stdlib.o [1]


[1] = E:\K60singlechip\Code\LPLD_OSKinetis_V3\LPLD_Beacon\Beacon\iar\FLASH\Obj
[2] = command line
[3] = dl7M_tln.a
[4] = m7M_tls.a
[5] = rt7M_tl.a
[6] = shb_l.a

  11 648 bytes of readonly  code memory
   1 720 bytes of readonly  data memory
   9 164 bytes of readwrite data memory

Errors: none
Warnings: none
